// Jest Snapshot v1, https://goo.gl/fbAQLP

exports[`Home renders the component 1`] = `
<Component
  style={
    Object {
      "alignItems": "center",
      "backgroundColor": "#fff",
      "flex": 1,
      "justifyContent": "center",
    }
  }
>
  <Component
    source={1}
  />
  <LargeText>
    Tasit
  </LargeText>
  <Button
    onPress={[Function]}
    title="Decentraland"
  />
</Component>
`;
