// Jest Snapshot v1, https://goo.gl/fbAQLP

exports[`ListLands renders the component 1`] = `
<ListViewMock
  dataSource={Object {}}
  renderRow={[Function]}
  renderScrollComponent={[MockFunction]}
  style={
    Object {
      "backgroundColor": "#fff",
      "flex": 1,
    }
  }
/>
`;
