// Jest Snapshot v1, https://goo.gl/fbAQLP

exports[`OnboardingHome renders the component 1`] = `
<Component
  style={
    Object {
      "alignItems": "center",
      "backgroundColor": "#fff",
      "flex": 1,
      "justifyContent": "center",
    }
  }
>
  <Component
    source={1}
  />
  <LargeText>
    Let's get you set up with a secure way to store this land!
  </LargeText>
  <Component
    style={
      Object {
        "flexDirection": "row",
        "marginTop": 66.7,
      }
    }
  >
    <Button
      onPress={[Function]}
      title="Get started"
    />
  </Component>
</Component>
`;
