// Jest Snapshot v1, https://goo.gl/fbAQLP

exports[`HomeScreen renders the component 1`] = `
<Home
  onPress={[Function]}
/>
`;
