// Jest Snapshot v1, https://goo.gl/fbAQLP

exports[`LandClaimScreen renders the component 1`] = `
<LandClaim
  onClaim={[Function]}
/>
`;
