// Jest Snapshot v1, https://goo.gl/fbAQLP

exports[`ListLandsScreen renders the component 1`] = `
<ListLands
  renderRow={[Function]}
/>
`;
